[01:16:36.201][info] [#0:/home/ljc/.local/share/nvim/mason/packages/lua-language-server/libexec/main.lua:68]: Lua Lsp startup, root: 	/home/ljc/.local/share/nvim/mason/packages/lua-language-server/libexec
[01:16:36.201][info] [#0:/home/ljc/.local/share/nvim/mason/packages/lua-language-server/libexec/main.lua:69]: ROOT:	/home/ljc/.local/share/nvim/mason/packages/lua-language-server/libexec
[01:16:36.201][info] [#0:/home/ljc/.local/share/nvim/mason/packages/lua-language-server/libexec/main.lua:70]: LOGPATH:	/home/ljc/.local/share/nvim/mason/packages/lua-language-server/libexec/log
[01:16:36.201][info] [#0:/home/ljc/.local/share/nvim/mason/packages/lua-language-server/libexec/main.lua:71]: METAPATH:	/home/ljc/.local/share/nvim/mason/packages/lua-language-server/libexec/meta
[01:16:36.201][info] [#0:/home/ljc/.local/share/nvim/mason/packages/lua-language-server/libexec/main.lua:72]: VERSION:	3.15.0
[01:16:36.220][info] [#0:script/proto/proto.lua:260]: Listen Mode: stdio
[01:16:36.220][info] [#0:script/service/service.lua:145]: 
========= Medical Examination Report =========
    --------------- Memory ---------------
        Total: 2.265 MB
        # 00 : 2.265 MB
        # 01 : 0.000 MB
        # 02 : 0.000 MB
        # 03 : 0.000 MB
        # 04 : 0.000 MB
    --------------- Coroutine ---------------
        Total:     0
        Running:   0
        Suspended: 0
        Normal:    0
        Dead:      0
    --------------- Cache ---------------
        Total: 1
        Dead:  0
    ---------------  RPC  ---------------
        Holdon:   0
        Waiting:  0
==============================================
[01:16:36.324][info] [#0:script/client.lua:657]: Client init	{
  capabilities = {
    general = {
      positionEncodings = { "utf-8", "utf-16", "utf-32" }
    },
    textDocument = {
      callHierarchy = {
        dynamicRegistration = false
      },
      codeAction = {
        codeActionLiteralSupport = {
          codeActionKind = {
            valueSet = { "", "quickfix", "refactor", "refactor.extract", "refactor.inline", "refactor.rewrite", "source", "source.organizeImports" }
          }
        },
        dataSupport = true,
        dynamicRegistration = true,
        isPreferredSupport = true,
        resolveSupport = {
          properties = { "edit", "command" }
        }
      },
      codeLens = {
        dynamicRegistration = false,
        resolveSupport = {
          properties = { "command" }
        }
      },
      completion = {
        completionItem = {
          commitCharactersSupport = true,
          deprecatedSupport = true,
          documentationFormat = { "markdown", "plaintext" },
          insertReplaceSupport = true,
          labelDetailsSupport = true,
          preselectSupport = true,
          resolveSupport = {
            properties = { "documentation", "detail", "additionalTextEdits" }
          },
          snippetSupport = true,
          tagSupport = {
            valueSet = { 1 }
          }
        },
        completionItemKind = {
          valueSet = { 1, 2, 3, 4, 5, 6, 7, 8, 9, 10, 11, 12, 13, 14, 15, 16, 17, 18, 19, 20, 21, 22, 23, 24, 25 }
        },
        completionList = {
          itemDefaults = { "editRange", "insertTextFormat", "insertTextMode", "data" }
        },
        contextSupport = true,
        dynamicRegistration = false
      },
      declaration = {
        linkSupport = true
      },
      definition = {
        dynamicRegistration = true,
        linkSupport = true
      },
      diagnostic = {
        dynamicRegistration = false
      },
      documentHighlight = {
        dynamicRegistration = false
      },
      documentSymbol = {
        dynamicRegistration = false,
        hierarchicalDocumentSymbolSupport = true,
        symbolKind = {
          valueSet = { 1, 2, 3, 4, 5, 6, 7, 8, 9, 10, 11, 12, 13, 14, 15, 16, 17, 18, 19, 20, 21, 22, 23, 24, 25, 26 }
        }
      },
      foldingRange = {
        dynamicRegistration = false,
        foldingRange = {
          collapsedText = true
        },
        lineFoldingOnly = true
      },
      formatting = {
        dynamicRegistration = true
      },
      hover = {
        contentFormat = { "markdown", "plaintext" },
        dynamicRegistration = true
      },
      implementation = {
        linkSupport = true
      },
      inlayHint = {
        dynamicRegistration = true,
        resolveSupport = {
          properties = { "textEdits", "tooltip", "location", "command" }
        }
      },
      publishDiagnostics = {
        dataSupport = true,
        relatedInformation = true,
        tagSupport = {
          valueSet = { 1, 2 }
        }
      },
      rangeFormatting = {
        dynamicRegistration = true,
        rangesSupport = true
      },
      references = {
        dynamicRegistration = false
      },
      rename = {
        dynamicRegistration = true,
        prepareSupport = true
      },
      semanticTokens = {
        augmentsSyntaxTokens = true,
        dynamicRegistration = false,
        formats = { "relative" },
        multilineTokenSupport = false,
        overlappingTokenSupport = true,
        requests = {
          full = {
            delta = true
          },
          range = false
        },
        serverCancelSupport = false,
        tokenModifiers = { "declaration", "definition", "readonly", "static", "deprecated", "abstract", "async", "modification", "documentation", "defaultLibrary" },
        tokenTypes = { "namespace", "type", "class", "enum", "interface", "struct", "typeParameter", "parameter", "variable", "property", "enumMember", "event", "function", "method", "macro", "keyword", "modifier", "comment", "string", "number", "regexp", "operator", "decorator" }
      },
      signatureHelp = {
        dynamicRegistration = false,
        signatureInformation = {
          activeParameterSupport = true,
          documentationFormat = { "markdown", "plaintext" },
          parameterInformation = {
            labelOffsetSupport = true
          }
        }
      },
      synchronization = {
        didSave = true,
        dynamicRegistration = false,
        willSave = true,
        willSaveWaitUntil = true
      },
      typeDefinition = {
        linkSupport = true
      }
    },
    window = {
      showDocument = {
        support = true
      },
      showMessage = {
        messageActionItem = {
          additionalPropertiesSupport = true
        }
      },
      workDoneProgress = true
    },
    workspace = {
      applyEdit = true,
      configuration = true,
      didChangeConfiguration = {
        dynamicRegistration = false
      },
      didChangeWatchedFiles = {
        dynamicRegistration = false,
        relativePatternSupport = true
      },
      inlayHint = {
        refreshSupport = true
      },
      semanticTokens = {
        refreshSupport = true
      },
      symbol = {
        dynamicRegistration = false,
        symbolKind = {
          valueSet = { 1, 2, 3, 4, 5, 6, 7, 8, 9, 10, 11, 12, 13, 14, 15, 16, 17, 18, 19, 20, 21, 22, 23, 24, 25, 26 }
        }
      },
      workspaceEdit = {
        resourceOperations = { "rename", "create", "delete" }
      },
      workspaceFolders = true
    }
  },
  clientInfo = {
    name = "Neovim",
    version = "0.11.0+ga99c469e54"
  },
  initializationOptions = {},
  processId = 76983,
  rootPath = "/home/ljc/Downloads/NvimLua",
  rootUri = "file:///home/ljc/Downloads/NvimLua",
  trace = "off",
  workDoneToken = "1",
  workspaceFolders = { {
      name = "/home/ljc/Downloads/NvimLua",
      uri = "file:///home/ljc/Downloads/NvimLua"
    } }
}
[01:16:36.324][info] [#0:script/language.lua:137]: VSC language: nil
[01:16:36.324][info] [#0:script/language.lua:138]: LS  language: en-us
[01:16:36.324][info] [#0:script/workspace/workspace.lua:38]: Workspace init root: 	file:///home/ljc/Downloads/NvimLua
[01:16:36.324][info] [#0:script/workspace/workspace.lua:42]: Log path: 	/home/ljc/.local/share/nvim/mason/packages/lua-language-server/libexec/log/file_home_ljc_Downloads_NvimLua.log
[01:16:36.324][info] [#0:script/workspace/workspace.lua:48]: Workspace create: 	file:///home/ljc/Downloads/NvimLua
[01:16:36.628][info] [#0:script/provider/provider.lua:49]: Load config from client	file:///home/ljc/Downloads/NvimLua
[01:16:36.628][info] [#0:script/provider/provider.lua:50]: {
  Lua = {
    diagnostics = {
      globals = { "vim" }
    },
    telemetry = {
      enable = false
    },
    workspace = {
      checkThirdParty = false
    }
  }
}
[01:16:36.628][info] [#0:script/provider/provider.lua:49]: Load config from client	file:///home/ljc/Downloads/NvimLua
[01:16:36.629][info] [#0:script/provider/provider.lua:50]: {
  Lua = {
    diagnostics = {
      globals = { "vim" }
    },
    telemetry = {
      enable = false
    },
    workspace = {
      checkThirdParty = false
    }
  }
}
[01:16:36.629][info] [#0:script/provider/provider.lua:65]: Load config from client	fallback
[01:16:36.629][info] [#0:script/provider/provider.lua:66]: {
  Lua = {
    diagnostics = {
      globals = { "vim" }
    },
    telemetry = {
      enable = false
    },
    workspace = {
      checkThirdParty = false
    }
  }
}
[01:16:36.630][info] [#0:script/provider/provider.lua:65]: Load config from client	fallback
[01:16:36.630][info] [#0:script/provider/provider.lua:66]: {
  Lua = {
    diagnostics = {
      globals = { "vim" }
    },
    telemetry = {
      enable = false
    },
    workspace = {
      checkThirdParty = false
    }
  }
}
[01:16:36.737][info] [#0:script/library.lua:212]: Init builtin library at:	file:///home/ljc/Downloads/NvimLua
[01:16:36.745][info] [#0:script/library.lua:212]: Init builtin library at:	nil
[01:16:36.855][info] [#0:script/workspace/workspace.lua:330]: Preload start:	file:///home/ljc/Downloads/NvimLua
[01:16:36.856][info] [#0:script/workspace/workspace.lua:336]: Scan files at:	file:///home/ljc/Downloads/NvimLua
[01:16:36.905][info] [#0:script/workspace/workspace.lua:330]: Preload start:	<fallback>
[01:16:36.906][info] [#0:script/workspace/workspace.lua:359]: Scan library at:	file:///home/ljc/.local/share/nvim/mason/packages/lua-language-server/libexec/meta/Lua%205.4%20en-us%20utf8/builtin.lua
[01:16:36.907][info] [#0:script/workspace/workspace.lua:359]: Scan library at:	file:///home/ljc/.local/share/nvim/mason/packages/lua-language-server/libexec/meta/Lua%205.4%20en-us%20utf8/os.lua
[01:16:36.908][info] [#0:script/workspace/workspace.lua:359]: Scan library at:	file:///home/ljc/.local/share/nvim/mason/packages/lua-language-server/libexec/meta/Lua%205.4%20en-us%20utf8/string.lua
[01:16:36.909][info] [#0:script/workspace/workspace.lua:359]: Scan library at:	file:///home/ljc/.local/share/nvim/mason/packages/lua-language-server/libexec/meta/Lua%205.4%20en-us%20utf8/io.lua
[01:16:36.910][info] [#0:script/workspace/workspace.lua:359]: Scan library at:	file:///home/ljc/.local/share/nvim/mason/packages/lua-language-server/libexec/meta/Lua%205.4%20en-us%20utf8/math.lua
[01:16:36.910][info] [#0:script/workspace/workspace.lua:359]: Scan library at:	file:///home/ljc/.local/share/nvim/mason/packages/lua-language-server/libexec/meta/Lua%205.4%20en-us%20utf8/coroutine.lua
[01:16:36.910][info] [#0:script/workspace/workspace.lua:359]: Scan library at:	file:///home/ljc/.local/share/nvim/mason/packages/lua-language-server/libexec/meta/Lua%205.4%20en-us%20utf8/debug.lua
[01:16:36.911][info] [#0:script/workspace/workspace.lua:359]: Scan library at:	file:///home/ljc/.local/share/nvim/mason/packages/lua-language-server/libexec/meta/Lua%205.4%20en-us%20utf8/table.lua
[01:16:36.912][info] [#0:script/workspace/workspace.lua:359]: Scan library at:	file:///home/ljc/.local/share/nvim/mason/packages/lua-language-server/libexec/meta/Lua%205.4%20en-us%20utf8/utf8.lua
[01:16:36.912][info] [#0:script/workspace/workspace.lua:359]: Scan library at:	file:///home/ljc/.local/share/nvim/mason/packages/lua-language-server/libexec/meta/Lua%205.4%20en-us%20utf8/package.lua
[01:16:36.914][info] [#0:script/workspace/workspace.lua:359]: Scan library at:	file:///home/ljc/.local/share/nvim/mason/packages/lua-language-server/libexec/meta/Lua%205.4%20en-us%20utf8/basic.lua
[01:16:37.014][info] [#0:script/workspace/workspace.lua:385]: Found 11 files at:	<fallback>
[01:16:37.014][info] [#0:script/workspace/loading.lua:160]: Load files from disk:	<fallback>
[01:16:37.015][info] [#0:script/workspace/loading.lua:100]: Preload file at: file:///home/ljc/.local/share/nvim/mason/packages/lua-language-server/libexec/meta/Lua%205.4%20en-us%20utf8/basic.lua , size = 15.841 KB
[01:16:37.023][info] [#0:script/workspace/loading.lua:112]: ++++As library of:	file:///home/ljc/.local/share/nvim/mason/packages/lua-language-server/libexec/meta/Lua%205.4%20en-us%20utf8/basic.lua
[01:16:37.023][info] [#0:script/workspace/loading.lua:100]: Preload file at: file:///home/ljc/.local/share/nvim/mason/packages/lua-language-server/libexec/meta/Lua%205.4%20en-us%20utf8/package.lua , size = 2.944 KB
[01:16:37.024][info] [#0:script/workspace/loading.lua:112]: ++++As library of:	file:///home/ljc/.local/share/nvim/mason/packages/lua-language-server/libexec/meta/Lua%205.4%20en-us%20utf8/package.lua
[01:16:37.025][info] [#0:script/workspace/loading.lua:100]: Preload file at: file:///home/ljc/.local/share/nvim/mason/packages/lua-language-server/libexec/meta/Lua%205.4%20en-us%20utf8/utf8.lua , size = 2.386 KB
[01:16:37.026][info] [#0:script/workspace/loading.lua:112]: ++++As library of:	file:///home/ljc/.local/share/nvim/mason/packages/lua-language-server/libexec/meta/Lua%205.4%20en-us%20utf8/utf8.lua
[01:16:37.027][info] [#0:script/workspace/loading.lua:100]: Preload file at: file:///home/ljc/.local/share/nvim/mason/packages/lua-language-server/libexec/meta/Lua%205.4%20en-us%20utf8/table.lua , size = 4.445 KB
[01:16:37.029][info] [#0:script/workspace/loading.lua:112]: ++++As library of:	file:///home/ljc/.local/share/nvim/mason/packages/lua-language-server/libexec/meta/Lua%205.4%20en-us%20utf8/table.lua
[01:16:37.029][info] [#0:script/workspace/loading.lua:100]: Preload file at: file:///home/ljc/.local/share/nvim/mason/packages/lua-language-server/libexec/meta/Lua%205.4%20en-us%20utf8/debug.lua , size = 7.637 KB
[01:16:37.034][info] [#0:script/workspace/loading.lua:112]: ++++As library of:	file:///home/ljc/.local/share/nvim/mason/packages/lua-language-server/libexec/meta/Lua%205.4%20en-us%20utf8/debug.lua
[01:16:37.034][info] [#0:script/workspace/loading.lua:100]: Preload file at: file:///home/ljc/.local/share/nvim/mason/packages/lua-language-server/libexec/meta/Lua%205.4%20en-us%20utf8/coroutine.lua , size = 2.590 KB
[01:16:37.036][info] [#0:script/workspace/loading.lua:112]: ++++As library of:	file:///home/ljc/.local/share/nvim/mason/packages/lua-language-server/libexec/meta/Lua%205.4%20en-us%20utf8/coroutine.lua
[01:16:37.036][info] [#0:script/workspace/loading.lua:100]: Preload file at: file:///home/ljc/.local/share/nvim/mason/packages/lua-language-server/libexec/meta/Lua%205.4%20en-us%20utf8/math.lua , size = 8.542 KB
[01:16:37.039][info] [#0:script/workspace/loading.lua:112]: ++++As library of:	file:///home/ljc/.local/share/nvim/mason/packages/lua-language-server/libexec/meta/Lua%205.4%20en-us%20utf8/math.lua
[01:16:37.040][info] [#0:script/workspace/loading.lua:100]: Preload file at: file:///home/ljc/.local/share/nvim/mason/packages/lua-language-server/libexec/meta/Lua%205.4%20en-us%20utf8/io.lua , size = 6.364 KB
[01:16:37.043][info] [#0:script/workspace/loading.lua:112]: ++++As library of:	file:///home/ljc/.local/share/nvim/mason/packages/lua-language-server/libexec/meta/Lua%205.4%20en-us%20utf8/io.lua
[01:16:37.044][info] [#0:script/workspace/loading.lua:100]: Preload file at: file:///home/ljc/.local/share/nvim/mason/packages/lua-language-server/libexec/meta/Lua%205.4%20en-us%20utf8/string.lua , size = 5.234 KB
[01:16:37.046][info] [#0:script/workspace/loading.lua:112]: ++++As library of:	file:///home/ljc/.local/share/nvim/mason/packages/lua-language-server/libexec/meta/Lua%205.4%20en-us%20utf8/string.lua
[01:16:37.046][info] [#0:script/workspace/loading.lua:100]: Preload file at: file:///home/ljc/.local/share/nvim/mason/packages/lua-language-server/libexec/meta/Lua%205.4%20en-us%20utf8/os.lua , size = 5.611 KB
[01:16:37.052][info] [#0:script/workspace/loading.lua:112]: ++++As library of:	file:///home/ljc/.local/share/nvim/mason/packages/lua-language-server/libexec/meta/Lua%205.4%20en-us%20utf8/os.lua
[01:16:37.052][info] [#0:script/workspace/loading.lua:100]: Preload file at: file:///home/ljc/.local/share/nvim/mason/packages/lua-language-server/libexec/meta/Lua%205.4%20en-us%20utf8/builtin.lua , size = 0.302 KB
[01:16:37.052][info] [#0:script/workspace/loading.lua:112]: ++++As library of:	file:///home/ljc/.local/share/nvim/mason/packages/lua-language-server/libexec/meta/Lua%205.4%20en-us%20utf8/builtin.lua
[01:16:37.052][info] [#0:script/workspace/loading.lua:172]: Loaded files takes [0.035] sec: <fallback>
[01:16:37.052][info] [#0:script/workspace/loading.lua:181]: Compile files takes [0.000] sec: <fallback>
[01:16:37.052][info] [#0:script/workspace/loading.lua:182]: Loaded finish:	<fallback>
[01:16:37.052][info] [#0:script/workspace/workspace.lua:387]: Preload finish at:	<fallback>
[01:16:40.006][info] [#0:script/workspace/workspace.lua:359]: Scan library at:	file:///home/ljc/.local/share/nvim/mason/packages/lua-language-server/libexec/meta/Lua%205.4%20en-us%20utf8/builtin.lua
[01:16:40.006][info] [#0:script/workspace/workspace.lua:359]: Scan library at:	file:///home/ljc/.local/share/nvim/mason/packages/lua-language-server/libexec/meta/Lua%205.4%20en-us%20utf8/os.lua
[01:16:40.007][info] [#0:script/workspace/workspace.lua:359]: Scan library at:	file:///home/ljc/.local/share/nvim/mason/packages/lua-language-server/libexec/meta/Lua%205.4%20en-us%20utf8/string.lua
[01:16:40.007][info] [#0:script/workspace/workspace.lua:359]: Scan library at:	file:///home/ljc/.local/share/nvim/mason/packages/lua-language-server/libexec/meta/Lua%205.4%20en-us%20utf8/io.lua
[01:16:40.008][info] [#0:script/workspace/workspace.lua:359]: Scan library at:	file:///home/ljc/.local/share/nvim/mason/packages/lua-language-server/libexec/meta/Lua%205.4%20en-us%20utf8/math.lua
[01:16:40.008][info] [#0:script/workspace/workspace.lua:359]: Scan library at:	file:///home/ljc/.local/share/nvim/mason/packages/lua-language-server/libexec/meta/Lua%205.4%20en-us%20utf8/coroutine.lua
[01:16:40.008][info] [#0:script/workspace/workspace.lua:359]: Scan library at:	file:///home/ljc/.local/share/nvim/mason/packages/lua-language-server/libexec/meta/Lua%205.4%20en-us%20utf8/debug.lua
[01:16:40.009][info] [#0:script/workspace/workspace.lua:359]: Scan library at:	file:///home/ljc/.local/share/nvim/mason/packages/lua-language-server/libexec/meta/Lua%205.4%20en-us%20utf8/table.lua
[01:16:40.009][info] [#0:script/workspace/workspace.lua:359]: Scan library at:	file:///home/ljc/.local/share/nvim/mason/packages/lua-language-server/libexec/meta/Lua%205.4%20en-us%20utf8/utf8.lua
[01:16:40.010][info] [#0:script/workspace/workspace.lua:359]: Scan library at:	file:///home/ljc/.local/share/nvim/mason/packages/lua-language-server/libexec/meta/Lua%205.4%20en-us%20utf8/package.lua
[01:16:40.010][info] [#0:script/workspace/workspace.lua:359]: Scan library at:	file:///home/ljc/.local/share/nvim/mason/packages/lua-language-server/libexec/meta/Lua%205.4%20en-us%20utf8/basic.lua
[01:16:40.112][info] [#0:script/workspace/workspace.lua:385]: Found 583 files at:	file:///home/ljc/Downloads/NvimLua
[01:16:40.112][info] [#0:script/workspace/loading.lua:160]: Load files from disk:	file:///home/ljc/Downloads/NvimLua
[01:16:40.112][info] [#0:script/workspace/loading.lua:88]: Skip loaded file: file:///home/ljc/.local/share/nvim/mason/packages/lua-language-server/libexec/meta/Lua%205.4%20en-us%20utf8/basic.lua
[01:16:40.112][info] [#0:script/workspace/loading.lua:112]: ++++As library of:	file:///home/ljc/.local/share/nvim/mason/packages/lua-language-server/libexec/meta/Lua%205.4%20en-us%20utf8/basic.lua
[01:16:40.112][info] [#0:script/workspace/loading.lua:88]: Skip loaded file: file:///home/ljc/.local/share/nvim/mason/packages/lua-language-server/libexec/meta/Lua%205.4%20en-us%20utf8/package.lua
[01:16:40.112][info] [#0:script/workspace/loading.lua:112]: ++++As library of:	file:///home/ljc/.local/share/nvim/mason/packages/lua-language-server/libexec/meta/Lua%205.4%20en-us%20utf8/package.lua
[01:16:40.112][info] [#0:script/workspace/loading.lua:88]: Skip loaded file: file:///home/ljc/.local/share/nvim/mason/packages/lua-language-server/libexec/meta/Lua%205.4%20en-us%20utf8/utf8.lua
[01:16:40.112][info] [#0:script/workspace/loading.lua:112]: ++++As library of:	file:///home/ljc/.local/share/nvim/mason/packages/lua-language-server/libexec/meta/Lua%205.4%20en-us%20utf8/utf8.lua
[01:16:40.113][info] [#0:script/workspace/loading.lua:88]: Skip loaded file: file:///home/ljc/.local/share/nvim/mason/packages/lua-language-server/libexec/meta/Lua%205.4%20en-us%20utf8/table.lua
[01:16:40.113][info] [#0:script/workspace/loading.lua:112]: ++++As library of:	file:///home/ljc/.local/share/nvim/mason/packages/lua-language-server/libexec/meta/Lua%205.4%20en-us%20utf8/table.lua
[01:16:40.113][info] [#0:script/workspace/loading.lua:88]: Skip loaded file: file:///home/ljc/.local/share/nvim/mason/packages/lua-language-server/libexec/meta/Lua%205.4%20en-us%20utf8/debug.lua
[01:16:40.113][info] [#0:script/workspace/loading.lua:112]: ++++As library of:	file:///home/ljc/.local/share/nvim/mason/packages/lua-language-server/libexec/meta/Lua%205.4%20en-us%20utf8/debug.lua
[01:16:40.114][info] [#0:script/workspace/loading.lua:88]: Skip loaded file: file:///home/ljc/.local/share/nvim/mason/packages/lua-language-server/libexec/meta/Lua%205.4%20en-us%20utf8/coroutine.lua
[01:16:40.114][info] [#0:script/workspace/loading.lua:112]: ++++As library of:	file:///home/ljc/.local/share/nvim/mason/packages/lua-language-server/libexec/meta/Lua%205.4%20en-us%20utf8/coroutine.lua
[01:16:40.114][info] [#0:script/workspace/loading.lua:88]: Skip loaded file: file:///home/ljc/.local/share/nvim/mason/packages/lua-language-server/libexec/meta/Lua%205.4%20en-us%20utf8/math.lua
[01:16:40.114][info] [#0:script/workspace/loading.lua:112]: ++++As library of:	file:///home/ljc/.local/share/nvim/mason/packages/lua-language-server/libexec/meta/Lua%205.4%20en-us%20utf8/math.lua
[01:16:40.115][info] [#0:script/workspace/loading.lua:88]: Skip loaded file: file:///home/ljc/.local/share/nvim/mason/packages/lua-language-server/libexec/meta/Lua%205.4%20en-us%20utf8/io.lua
[01:16:40.115][info] [#0:script/workspace/loading.lua:112]: ++++As library of:	file:///home/ljc/.local/share/nvim/mason/packages/lua-language-server/libexec/meta/Lua%205.4%20en-us%20utf8/io.lua
[01:16:40.115][info] [#0:script/workspace/loading.lua:88]: Skip loaded file: file:///home/ljc/.local/share/nvim/mason/packages/lua-language-server/libexec/meta/Lua%205.4%20en-us%20utf8/string.lua
[01:16:40.115][info] [#0:script/workspace/loading.lua:112]: ++++As library of:	file:///home/ljc/.local/share/nvim/mason/packages/lua-language-server/libexec/meta/Lua%205.4%20en-us%20utf8/string.lua
[01:16:40.115][info] [#0:script/workspace/loading.lua:88]: Skip loaded file: file:///home/ljc/.local/share/nvim/mason/packages/lua-language-server/libexec/meta/Lua%205.4%20en-us%20utf8/os.lua
[01:16:40.115][info] [#0:script/workspace/loading.lua:112]: ++++As library of:	file:///home/ljc/.local/share/nvim/mason/packages/lua-language-server/libexec/meta/Lua%205.4%20en-us%20utf8/os.lua
[01:16:40.116][info] [#0:script/workspace/loading.lua:88]: Skip loaded file: file:///home/ljc/.local/share/nvim/mason/packages/lua-language-server/libexec/meta/Lua%205.4%20en-us%20utf8/builtin.lua
[01:16:40.116][info] [#0:script/workspace/loading.lua:112]: ++++As library of:	file:///home/ljc/.local/share/nvim/mason/packages/lua-language-server/libexec/meta/Lua%205.4%20en-us%20utf8/builtin.lua
[01:16:40.116][info] [#0:script/workspace/loading.lua:88]: Skip loaded file: file:///home/ljc/Downloads/NvimLua/.config/nvim/init.lua
[01:16:40.117][info] [#0:script/workspace/loading.lua:100]: Preload file at: file:///home/ljc/Downloads/NvimLua/.config/nvim/lua/config/utils.lua , size = 2.427 KB
[01:16:40.119][info] [#0:script/workspace/loading.lua:100]: Preload file at: file:///home/ljc/Downloads/NvimLua/.config/nvim/lua/config/keymaps.lua , size = 1.034 KB
[01:16:40.120][info] [#0:script/workspace/loading.lua:100]: Preload file at: file:///home/ljc/Downloads/NvimLua/.config/nvim/lua/config/options.lua , size = 2.836 KB
[01:16:40.122][info] [#0:script/workspace/loading.lua:100]: Preload file at: file:///home/ljc/Downloads/NvimLua/.config/nvim/lua/config/autocmd.lua , size = 2.403 KB
[01:16:40.124][info] [#0:script/workspace/loading.lua:100]: Preload file at: file:///home/ljc/Downloads/NvimLua/.config/nvim/lua/lsp/mason.lua , size = 1.470 KB
[01:16:40.125][info] [#0:script/workspace/loading.lua:100]: Preload file at: file:///home/ljc/Downloads/NvimLua/.config/nvim/lua/lsp/nvim-cmp.lua , size = 1.807 KB
[01:16:40.126][info] [#0:script/workspace/loading.lua:100]: Preload file at: file:///home/ljc/Downloads/NvimLua/.config/nvim/lua/lsp/lspconfig.lua , size = 6.061 KB
[01:16:40.128][info] [#0:script/workspace/loading.lua:100]: Preload file at: file:///home/ljc/Downloads/NvimLua/.config/nvim/lua/plugins/neomark.lua , size = 1.260 KB
[01:16:40.128][info] [#0:script/workspace/loading.lua:100]: Preload file at: file:///home/ljc/Downloads/NvimLua/.config/nvim/lua/plugins/lualine.lua , size = 2.140 KB
[01:16:40.130][info] [#0:script/workspace/loading.lua:100]: Preload file at: file:///home/ljc/Downloads/NvimLua/.config/nvim/lua/plugins/nvim-web-devicons.lua , size = 0.363 KB
[01:16:40.130][info] [#0:script/workspace/loading.lua:100]: Preload file at: file:///home/ljc/Downloads/NvimLua/.config/nvim/lua/plugins/nvim-treesitter.lua , size = 2.347 KB
[01:16:40.131][info] [#0:script/workspace/loading.lua:100]: Preload file at: file:///home/ljc/Downloads/NvimLua/.config/nvim/lua/plugins/noice.lua , size = 3.787 KB
[01:16:40.132][info] [#0:script/workspace/loading.lua:100]: Preload file at: file:///home/ljc/Downloads/NvimLua/.config/nvim/lua/plugins/vim-illuminate.lua , size = 1.361 KB
[01:16:40.133][info] [#0:script/workspace/loading.lua:100]: Preload file at: file:///home/ljc/Downloads/NvimLua/.config/nvim/lua/plugins/nvim-tree.lua , size = 3.262 KB
[01:16:40.139][info] [#0:script/workspace/loading.lua:100]: Preload file at: file:///home/ljc/Downloads/NvimLua/.config/nvim/lua/plugins/editor.lua , size = 2.491 KB
[01:16:40.140][info] [#0:script/workspace/loading.lua:100]: Preload file at: file:///home/ljc/Downloads/NvimLua/.config/nvim/lua/plugins/bufferline.lua , size = 5.596 KB
[01:16:40.141][info] [#0:script/workspace/loading.lua:100]: Preload file at: file:///home/ljc/Downloads/NvimLua/.config/nvim/lua/plugins/nvim-scrollbar.lua , size = 1.152 KB
[01:16:40.142][info] [#0:script/workspace/loading.lua:100]: Preload file at: file:///home/ljc/Downloads/NvimLua/.config/nvim/lua/plugins/fzf.lua , size = 7.067 KB
[01:16:40.143][info] [#0:script/workspace/loading.lua:100]: Preload file at: file:///home/ljc/Downloads/NvimLua/.config/nvim/lua/plugins/project.lua , size = 0.952 KB
[01:16:40.144][info] [#0:script/workspace/loading.lua:100]: Preload file at: file:///home/ljc/Downloads/NvimLua/.config/nvim/lua/plugins/gitsigns.lua , size = 5.990 KB
[01:16:40.146][info] [#0:script/workspace/loading.lua:100]: Preload file at: file:///home/ljc/Downloads/NvimLua/.config/nvim/lua/plugins/colorscheme.lua , size = 1.862 KB
[01:16:40.146][info] [#0:script/workspace/loading.lua:100]: Preload file at: file:///home/ljc/Downloads/NvimLua/.config/nvim/lua/plugins/tagbar.lua , size = 1.467 KB
[01:16:40.147][info] [#0:script/workspace/loading.lua:100]: Preload file at: file:///home/ljc/Downloads/NvimLua/.config/nvim/lua/plugins/indent.lua , size = 0.619 KB
[01:16:40.148][info] [#0:script/workspace/loading.lua:100]: Preload file at: file:///home/ljc/Downloads/NvimLua/.config/nvim/lua/plugins/which-key.lua , size = 0.408 KB
[01:16:40.148][info] [#0:script/workspace/loading.lua:100]: Preload file at: file:///home/ljc/Downloads/NvimLua/.config/nvim/lua/plugins/vim-cpp-highlight.lua , size = 0.774 KB
[01:16:40.149][info] [#0:script/workspace/loading.lua:139]: Preload dll at: file:///home/ljc/Downloads/NvimLua/.config/lib/nvim-build20.04-v0.11/lib/nvim/parser/vimdoc.so , size = 280.391 KB
[01:16:40.153][info] [#0:script/workspace/loading.lua:139]: Preload dll at: file:///home/ljc/Downloads/NvimLua/.config/lib/nvim-build20.04-v0.11/lib/nvim/parser/markdown_inline.so , size = 522.461 KB
[01:16:40.155][info] [#0:script/workspace/loading.lua:139]: Preload dll at: file:///home/ljc/Downloads/NvimLua/.config/lib/nvim-build20.04-v0.11/lib/nvim/parser/c.so , size = 693.320 KB
[01:16:40.158][info] [#0:script/workspace/loading.lua:139]: Preload dll at: file:///home/ljc/Downloads/NvimLua/.config/lib/nvim-build20.04-v0.11/lib/nvim/parser/lua.so , size = 118.117 KB
[01:16:40.158][info] [#0:script/workspace/loading.lua:139]: Preload dll at: file:///home/ljc/Downloads/NvimLua/.config/lib/nvim-build20.04-v0.11/lib/nvim/parser/markdown.so , size = 577.750 KB
[01:16:40.161][info] [#0:script/workspace/loading.lua:139]: Preload dll at: file:///home/ljc/Downloads/NvimLua/.config/lib/nvim-build20.04-v0.11/lib/nvim/parser/vim.so , size = 1506.008 KB
[01:16:40.167][info] [#0:script/workspace/loading.lua:139]: Preload dll at: file:///home/ljc/Downloads/NvimLua/.config/lib/nvim-build20.04-v0.11/lib/nvim/parser/query.so , size = 54.359 KB
[01:16:40.167][info] [#0:script/workspace/loading.lua:100]: Preload file at: file:///home/ljc/Downloads/NvimLua/.config/lib/nvim-build20.04-v0.11/share/nvim/runtime/plugin/tohtml.lua , size = 0.432 KB
[01:16:40.168][info] [#0:script/workspace/loading.lua:100]: Preload file at: file:///home/ljc/Downloads/NvimLua/.config/lib/nvim-build20.04-v0.11/share/nvim/runtime/plugin/man.lua , size = 0.893 KB
[01:16:40.169][info] [#0:script/workspace/loading.lua:100]: Preload file at: file:///home/ljc/Downloads/NvimLua/.config/lib/nvim-build20.04-v0.11/share/nvim/runtime/plugin/editorconfig.lua , size = 0.401 KB
[01:16:40.170][info] [#0:script/workspace/loading.lua:100]: Preload file at: file:///home/ljc/Downloads/NvimLua/.config/lib/nvim-build20.04-v0.11/share/nvim/runtime/plugin/osc52.lua , size = 2.109 KB
[01:16:40.171][info] [#0:script/workspace/loading.lua:100]: Preload file at: file:///home/ljc/Downloads/NvimLua/.config/lib/nvim-build20.04-v0.11/share/nvim/runtime/indent/query.lua , size = 0.104 KB
[01:16:40.172][info] [#0:script/workspace/loading.lua:100]: Preload file at: file:///home/ljc/Downloads/NvimLua/.config/lib/nvim-build20.04-v0.11/share/nvim/runtime/filetype.lua , size = 1.854 KB
[01:16:40.173][info] [#0:script/workspace/loading.lua:100]: Preload file at: file:///home/ljc/Downloads/NvimLua/.config/lib/nvim-build20.04-v0.11/share/nvim/runtime/example_init.lua , size = 3.365 KB
[01:16:40.174][info] [#0:script/workspace/loading.lua:100]: Preload file at: file:///home/ljc/Downloads/NvimLua/.config/lib/nvim-build20.04-v0.11/share/nvim/runtime/ftplugin/help.lua , size = 4.026 KB
[01:16:40.176][info] [#0:script/workspace/loading.lua:100]: Preload file at: file:///home/ljc/Downloads/NvimLua/.config/lib/nvim-build20.04-v0.11/share/nvim/runtime/ftplugin/glsl.lua , size = 0.107 KB
[01:16:40.177][info] [#0:script/workspace/loading.lua:100]: Preload file at: file:///home/ljc/Downloads/NvimLua/.config/lib/nvim-build20.04-v0.11/share/nvim/runtime/ftplugin/query.lua , size = 0.994 KB
[01:16:40.177][info] [#0:script/workspace/loading.lua:100]: Preload file at: file:///home/ljc/Downloads/NvimLua/.config/lib/nvim-build20.04-v0.11/share/nvim/runtime/ftplugin/stata.lua , size = 0.107 KB
[01:16:40.178][info] [#0:script/workspace/loading.lua:100]: Preload file at: file:///home/ljc/Downloads/NvimLua/.config/lib/nvim-build20.04-v0.11/share/nvim/runtime/ftplugin/lua.lua , size = 0.367 KB
[01:16:40.178][info] [#0:script/workspace/loading.lua:100]: Preload file at: file:///home/ljc/Downloads/NvimLua/.config/lib/nvim-build20.04-v0.11/share/nvim/runtime/ftplugin/markdown.lua , size = 0.649 KB
[01:16:40.188][info] [#0:script/workspace/loading.lua:100]: Preload file at: file:///home/ljc/Downloads/NvimLua/.config/lib/nvim-build20.04-v0.11/share/nvim/runtime/ftplugin/faust.lua , size = 0.107 KB
[01:16:40.189][info] [#0:script/workspace/loading.lua:100]: Preload file at: file:///home/ljc/Downloads/NvimLua/.config/lib/nvim-build20.04-v0.11/share/nvim/runtime/ftplugin/swift.lua , size = 0.107 KB
[01:16:40.189][info] [#0:script/workspace/loading.lua:100]: Preload file at: file:///home/ljc/Downloads/NvimLua/.config/lib/nvim-build20.04-v0.11/share/nvim/runtime/ftplugin/supercollider.lua , size = 0.107 KB
[01:16:40.190][info] [#0:script/workspace/loading.lua:100]: Preload file at: file:///home/ljc/Downloads/NvimLua/.config/lib/nvim-build20.04-v0.11/share/nvim/runtime/ftplugin/arduino.lua , size = 0.107 KB
[01:16:40.190][info] [#0:script/workspace/loading.lua:100]: Preload file at: file:///home/ljc/Downloads/NvimLua/.config/lib/nvim-build20.04-v0.11/share/nvim/runtime/ftplugin/dot.lua , size = 0.107 KB
[01:16:40.191][info] [#0:script/workspace/loading.lua:100]: Preload file at: file:///home/ljc/Downloads/NvimLua/.config/lib/nvim-build20.04-v0.11/share/nvim/runtime/ftplugin/d.lua , size = 0.107 KB
[01:16:40.191][info] [#0:script/workspace/loading.lua:100]: Preload file at: file:///home/ljc/Downloads/NvimLua/.config/lib/nvim-build20.04-v0.11/share/nvim/runtime/ftplugin/xs.lua , size = 0.107 KB
[01:16:40.191][info] [#0:script/workspace/loading.lua:100]: Preload file at: file:///home/ljc/Downloads/NvimLua/.config/lib/nvim-build20.04-v0.11/share/nvim/runtime/ftplugin/cs.lua , size = 0.107 KB
[01:16:40.192][info] [#0:script/workspace/loading.lua:100]: Preload file at: file:///home/ljc/Downloads/NvimLua/.config/lib/nvim-build20.04-v0.11/share/nvim/runtime/ftplugin/checkhealth.lua , size = 0.671 KB
[01:16:40.192][info] [#0:script/workspace/loading.lua:100]: Preload file at: file:///home/ljc/Downloads/NvimLua/.config/lib/nvim-build20.04-v0.11/share/nvim/runtime/ftplugin/objc.lua , size = 0.107 KB
[01:16:40.193][info] [#0:script/workspace/loading.lua:100]: Preload file at: file:///home/ljc/Downloads/NvimLua/.config/lib/nvim-build20.04-v0.11/share/nvim/runtime/ftplugin/indent.lua , size = 0.107 KB
[01:16:40.193][info] [#0:script/workspace/loading.lua:100]: Preload file at: file:///home/ljc/Downloads/NvimLua/.config/lib/nvim-build20.04-v0.11/share/nvim/runtime/ftplugin/c.lua , size = 0.432 KB
[01:16:40.194][info] [#0:script/workspace/loading.lua:100]: Preload file at: file:///home/ljc/Downloads/NvimLua/.config/lib/nvim-build20.04-v0.11/share/nvim/runtime/ftplugin/ch.lua , size = 0.107 KB
[01:16:40.194][info] [#0:script/workspace/loading.lua:100]: Preload file at: file:///home/ljc/Downloads/NvimLua/.config/lib/nvim-build20.04-v0.11/share/nvim/runtime/colors/vim.lua , size = 18.066 KB
[01:16:40.199][info] [#0:script/workspace/loading.lua:100]: Preload file at: file:///home/ljc/Downloads/NvimLua/.config/lib/nvim-build20.04-v0.11/share/nvim/runtime/scripts/emoji_list.lua , size = 0.396 KB
[01:16:40.200][info] [#0:script/workspace/loading.lua:100]: Preload file at: file:///home/ljc/Downloads/NvimLua/.config/lib/nvim-build20.04-v0.11/share/nvim/runtime/lua/tohtml.lua , size = 43.272 KB
[01:16:40.216][info] [#0:script/workspace/loading.lua:100]: Preload file at: file:///home/ljc/Downloads/NvimLua/.config/lib/nvim-build20.04-v0.11/share/nvim/runtime/lua/vim/treesitter.lua , size = 15.239 KB
[01:16:40.222][info] [#0:script/workspace/loading.lua:100]: Preload file at: file:///home/ljc/Downloads/NvimLua/.config/lib/nvim-build20.04-v0.11/share/nvim/runtime/lua/vim/F.lua , size = 1.076 KB
[01:16:40.223][info] [#0:script/workspace/loading.lua:100]: Preload file at: file:///home/ljc/Downloads/NvimLua/.config/lib/nvim-build20.04-v0.11/share/nvim/runtime/lua/vim/uri.lua , size = 3.614 KB
[01:16:40.225][info] [#0:script/workspace/loading.lua:100]: Preload file at: file:///home/ljc/Downloads/NvimLua/.config/lib/nvim-build20.04-v0.11/share/nvim/runtime/lua/vim/_options.lua , size = 25.508 KB
[01:16:40.242][info] [#0:script/workspace/loading.lua:100]: Preload file at: file:///home/ljc/Downloads/NvimLua/.config/lib/nvim-build20.04-v0.11/share/nvim/runtime/lua/vim/_defaults.lua , size = 32.274 KB
[01:16:40.254][info] [#0:script/workspace/loading.lua:100]: Preload file at: file:///home/ljc/Downloads/NvimLua/.config/lib/nvim-build20.04-v0.11/share/nvim/runtime/lua/vim/health.lua , size = 15.680 KB
[01:16:40.260][info] [#0:script/workspace/loading.lua:100]: Preload file at: file:///home/ljc/Downloads/NvimLua/.config/lib/nvim-build20.04-v0.11/share/nvim/runtime/lua/vim/lsp/log.lua , size = 5.593 KB
[01:16:40.263][info] [#0:script/workspace/loading.lua:100]: Preload file at: file:///home/ljc/Downloads/NvimLua/.config/lib/nvim-build20.04-v0.11/share/nvim/runtime/lua/vim/lsp/inlay_hint.lua , size = 11.941 KB
[01:16:40.268][info] [#0:script/workspace/loading.lua:100]: Preload file at: file:///home/ljc/Downloads/NvimLua/.config/lib/nvim-build20.04-v0.11/share/nvim/runtime/lua/vim/lsp/health.lua , size = 7.367 KB
[01:16:40.271][info] [#0:script/workspace/loading.lua:100]: Preload file at: file:///home/ljc/Downloads/NvimLua/.config/lib/nvim-build20.04-v0.11/share/nvim/runtime/lua/vim/lsp/handlers.lua , size = 24.316 KB
[01:16:40.280][info] [#0:script/workspace/loading.lua:100]: Preload file at: file:///home/ljc/Downloads/NvimLua/.config/lib/nvim-build20.04-v0.11/share/nvim/runtime/lua/vim/lsp/_folding_range.lua , size = 11.103 KB
[01:16:40.285][info] [#0:script/workspace/loading.lua:100]: Preload file at: file:///home/ljc/Downloads/NvimLua/.config/lib/nvim-build20.04-v0.11/share/nvim/runtime/lua/vim/lsp/_tagfunc.lua , size = 3.236 KB
[01:16:40.287][info] [#0:script/workspace/loading.lua:100]: Preload file at: file:///home/ljc/Downloads/NvimLua/.config/lib/nvim-build20.04-v0.11/share/nvim/runtime/lua/vim/lsp/protocol.lua , size = 44.826 KB
[01:16:40.295][info] [#0:script/workspace/loading.lua:100]: Preload file at: file:///home/ljc/Downloads/NvimLua/.config/lib/nvim-build20.04-v0.11/share/nvim/runtime/lua/vim/lsp/_transport.lua , size = 5.152 KB
[01:16:40.298][info] [#0:script/workspace/loading.lua:100]: Preload file at: file:///home/ljc/Downloads/NvimLua/.config/lib/nvim-build20.04-v0.11/share/nvim/runtime/lua/vim/lsp/client.lua , size = 40.645 KB
[01:16:40.323][info] [#0:script/workspace/loading.lua:100]: Preload file at: file:///home/ljc/Downloads/NvimLua/.config/lib/nvim-build20.04-v0.11/share/nvim/runtime/lua/vim/lsp/_watchfiles.lua , size = 6.813 KB
[01:16:40.326][info] [#0:script/workspace/loading.lua:100]: Preload file at: file:///home/ljc/Downloads/NvimLua/.config/lib/nvim-build20.04-v0.11/share/nvim/runtime/lua/vim/lsp/_snippet_grammar.lua , size = 6.228 KB
[01:16:40.329][info] [#0:script/workspace/loading.lua:100]: Preload file at: file:///home/ljc/Downloads/NvimLua/.config/lib/nvim-build20.04-v0.11/share/nvim/runtime/lua/vim/lsp/codelens.lua , size = 9.245 KB
[01:16:40.333][info] [#0:script/workspace/loading.lua:100]: Preload file at: file:///home/ljc/Downloads/NvimLua/.config/lib/nvim-build20.04-v0.11/share/nvim/runtime/lua/vim/lsp/sync.lua , size = 15.728 KB
[01:16:40.338][info] [#0:script/workspace/loading.lua:100]: Preload file at: file:///home/ljc/Downloads/NvimLua/.config/lib/nvim-build20.04-v0.11/share/nvim/runtime/lua/vim/lsp/buf.lua , size = 42.998 KB
[01:16:40.353][info] [#0:script/workspace/loading.lua:100]: Preload file at: file:///home/ljc/Downloads/NvimLua/.config/lib/nvim-build20.04-v0.11/share/nvim/runtime/lua/vim/lsp/_meta/protocol.lua , size = 188.964 KB
[01:16:40.413][info] [#0:script/workspace/loading.lua:100]: Preload file at: file:///home/ljc/Downloads/NvimLua/.config/lib/nvim-build20.04-v0.11/share/nvim/runtime/lua/vim/lsp/diagnostic.lua , size = 11.849 KB
[01:16:40.419][info] [#0:script/workspace/loading.lua:100]: Preload file at: file:///home/ljc/Downloads/NvimLua/.config/lib/nvim-build20.04-v0.11/share/nvim/runtime/lua/vim/lsp/util.lua , size = 74.574 KB
[01:16:40.445][info] [#0:script/workspace/loading.lua:100]: Preload file at: file:///home/ljc/Downloads/NvimLua/.config/lib/nvim-build20.04-v0.11/share/nvim/runtime/lua/vim/lsp/completion.lua , size = 27.116 KB
[01:16:40.455][info] [#0:script/workspace/loading.lua:100]: Preload file at: file:///home/ljc/Downloads/NvimLua/.config/lib/nvim-build20.04-v0.11/share/nvim/runtime/lua/vim/lsp/rpc.lua , size = 22.153 KB
[01:16:40.463][info] [#0:script/workspace/loading.lua:100]: Preload file at: file:///home/ljc/Downloads/NvimLua/.config/lib/nvim-build20.04-v0.11/share/nvim/runtime/lua/vim/lsp/_meta.lua , size = 0.585 KB
[01:16:40.464][info] [#0:script/workspace/loading.lua:100]: Preload file at: file:///home/ljc/Downloads/NvimLua/.config/lib/nvim-build20.04-v0.11/share/nvim/runtime/lua/vim/lsp/semantic_tokens.lua , size = 27.239 KB
[01:16:40.473][info] [#0:script/workspace/loading.lua:100]: Preload file at: file:///home/ljc/Downloads/NvimLua/.config/lib/nvim-build20.04-v0.11/share/nvim/runtime/lua/vim/lsp/_changetracking.lua , size = 11.493 KB
[01:16:40.478][info] [#0:script/workspace/loading.lua:100]: Preload file at: file:///home/ljc/Downloads/NvimLua/.config/lib/nvim-build20.04-v0.11/share/nvim/runtime/lua/vim/_buf.lua , size = 0.764 KB
[01:16:40.479][info] [#0:script/workspace/loading.lua:100]: Preload file at: file:///home/ljc/Downloads/NvimLua/.config/lib/nvim-build20.04-v0.11/share/nvim/runtime/lua/vim/secure.lua , size = 6.484 KB
[01:16:40.482][info] [#0:script/workspace/loading.lua:100]: Preload file at: file:///home/ljc/Downloads/NvimLua/.config/lib/nvim-build20.04-v0.11/share/nvim/runtime/lua/vim/_system.lua , size = 9.605 KB
[01:16:40.487][info] [#0:script/workspace/loading.lua:100]: Preload file at: file:///home/ljc/Downloads/NvimLua/.config/lib/nvim-build20.04-v0.11/share/nvim/runtime/lua/vim/iter.lua , size = 25.875 KB
[01:16:40.498][info] [#0:script/workspace/loading.lua:100]: Preload file at: file:///home/ljc/Downloads/NvimLua/.config/lib/nvim-build20.04-v0.11/share/nvim/runtime/lua/vim/provider.lua , size = 0.197 KB
[01:16:40.498][info] [#0:script/workspace/loading.lua:100]: Preload file at: file:///home/ljc/Downloads/NvimLua/.config/lib/nvim-build20.04-v0.11/share/nvim/runtime/lua/vim/termcap.lua , size = 2.952 KB
[01:16:40.500][info] [#0:script/workspace/loading.lua:100]: Preload file at: file:///home/ljc/Downloads/NvimLua/.config/lib/nvim-build20.04-v0.11/share/nvim/runtime/lua/vim/shared.lua , size = 40.562 KB
[01:16:40.517][info] [#0:script/workspace/loading.lua:100]: Preload file at: file:///home/ljc/Downloads/NvimLua/.config/lib/nvim-build20.04-v0.11/share/nvim/runtime/lua/vim/filetype.lua , size = 78.884 KB
[01:16:40.583][info] [#0:script/workspace/loading.lua:100]: Preload file at: file:///home/ljc/Downloads/NvimLua/.config/lib/nvim-build20.04-v0.11/share/nvim/runtime/lua/vim/treesitter/dev.lua , size = 21.149 KB
[01:16:40.593][warn] [#0:script/pub/report.lua:24]: Load proto error:	Disconnected!
